     ライブラリ C:\Users\miyako\Documents\GitHub\onnx-genai\cpp\ARM64\Release\onnx-genai.lib とオブジェクト C:\Users\miyako\Documents\GitHub\onnx-genai\cpp\ARM64\Release\onnx-genai.exp を作成中
LINK : warning LNK4098: defaultlib 'MSVCRT' は他のライブラリの使用と競合しています。/NODEFAULTLIB:library を使用してください。
  コード生成しています。
  コード生成が終了しました。
LINK : warning LNK4286: シンボル 'free' ('libucrt.lib(free.obj)' で定義) が 'tokenizers_c.lib(2dc0da2129e760c5-st.o)' によってインポートされています
LINK : warning LNK4286: シンボル 'free' ('libucrt.lib(free.obj)' で定義) が 'tokenizers_c.lib(2dc0da2129e760c5-regexec.o)' によってインポートされています
LINK : warning LNK4286: シンボル 'free' ('libucrt.lib(free.obj)' で定義) が 'tokenizers_c.lib(2dc0da2129e760c5-regcomp.o)' によってインポートされています
LINK : warning LNK4286: シンボル 'free' ('libucrt.lib(free.obj)' で定義) が 'tokenizers_c.lib(2dc0da2129e760c5-regparse.o)' によってインポートされています
LINK : warning LNK4286: シンボル 'free' ('libucrt.lib(free.obj)' で定義) が 'tokenizers_c.lib(2dc0da2129e760c5-unicode.o)' によってインポートされています
LINK : warning LNK4286: シンボル 'malloc' ('libucrt.lib(malloc.obj)' で定義) が 'tokenizers_c.lib(2dc0da2129e760c5-regenc.o)' によってインポートされています
LINK : warning LNK4286: シンボル 'malloc' ('libucrt.lib(malloc.obj)' で定義) が 'tokenizers_c.lib(2dc0da2129e760c5-st.o)' によってインポートされています
LINK : warning LNK4286: シンボル 'malloc' ('libucrt.lib(malloc.obj)' で定義) が 'tokenizers_c.lib(2dc0da2129e760c5-regexec.o)' によってインポートされています
LINK : warning LNK4286: シンボル 'malloc' ('libucrt.lib(malloc.obj)' で定義) が 'tokenizers_c.lib(2dc0da2129e760c5-regcomp.o)' によってインポートされています
LINK : warning LNK4286: シンボル 'malloc' ('libucrt.lib(malloc.obj)' で定義) が 'tokenizers_c.lib(2dc0da2129e760c5-regparse.o)' によってインポートされています
LINK : warning LNK4286: シンボル 'malloc' ('libucrt.lib(malloc.obj)' で定義) が 'tokenizers_c.lib(2dc0da2129e760c5-unicode.o)' によってインポートされています
LINK : warning LNK4286: シンボル 'realloc' ('libucrt.lib(realloc.obj)' で定義) が 'tokenizers_c.lib(2dc0da2129e760c5-regexec.o)' によってインポートされています
LINK : warning LNK4286: シンボル 'realloc' ('libucrt.lib(realloc.obj)' で定義) が 'tokenizers_c.lib(2dc0da2129e760c5-regcomp.o)' によってインポートされています
LINK : warning LNK4286: シンボル 'realloc' ('libucrt.lib(realloc.obj)' で定義) が 'tokenizers_c.lib(2dc0da2129e760c5-regparse.o)' によってインポートされています
LINK : warning LNK4286: シンボル '__acrt_iob_func' ('libucrt.lib(_file.obj)' で定義) が 'tokenizers_c.lib(2dc0da2129e760c5-regexec.o)' によってインポートされています
LINK : warning LNK4286: シンボル 'fflush' ('libucrt.lib(fflush.obj)' で定義) が 'tokenizers_c.lib(2dc0da2129e760c5-regexec.o)' によってインポートされています
LINK : warning LNK4286: シンボル '__stdio_common_vfprintf' ('libucrt.lib(output.obj)' で定義) が 'tokenizers_c.lib(2dc0da2129e760c5-regexec.o)' によってインポートされています
LINK : warning LNK4286: シンボル '__stdio_common_vsprintf_s' ('libucrt.lib(output.obj)' で定義) が 'tokenizers_c.lib(2dc0da2129e760c5-regexec.o)' によってインポートされています
LINK : warning LNK4286: シンボル '__stdio_common_vsprintf_s' ('libucrt.lib(output.obj)' で定義) が 'tokenizers_c.lib(2dc0da2129e760c5-regerror.o)' によってインポートされています
LINK : warning LNK4286: シンボル '__stdio_common_vsprintf_s' ('libucrt.lib(output.obj)' で定義) が 'tokenizers_c.lib(2dc0da2129e760c5-regversion.o)' によってインポートされています
LINK : warning LNK4286: シンボル '__stdio_common_vsnprintf_s' ('libucrt.lib(output.obj)' で定義) が 'tokenizers_c.lib(2dc0da2129e760c5-regerror.o)' によってインポートされています
LINK : warning LNK4286: シンボル 'calloc' ('libucrt.lib(calloc.obj)' で定義) が 'tokenizers_c.lib(2dc0da2129e760c5-st.o)' によってインポートされています
  onnx-genai.vcxproj -> C:\Users\miyako\Documents\GitHub\onnx-genai\cpp\ARM64\Release\onnx-genai.exe
